// Jest Snapshot v1, https://goo.gl/fbAQLP

exports[`matches snapshot 1`] = `
<h1>
  You're in the wrong neighborhood
</h1>
`;
